// Vitest Snapshot v1, https://vitest.dev/guide/snapshot.html

exports[`codegen > codegen 1`] = `"export function render(_ctx, _cache, $props, $setup, $data, $options) {return 'hi'}"`;
